$ $ $ $ sleep 300 RUNNING
sleep 4 DONE
sleep 5 DONE
history RUNNING
$ sleep 300 RUNNING
sleep 4 DONE
sleep 5 DONE
history DONE
history RUNNING
$ sleep 300
$ sleep 300
$ $ sleep 300
python3 sleep.py
$ sleep 300
python3 sleep.py
$ hello
$ $ $ /v/students/wassere1
$ $ $ $ chdir failed
$ Too many argument
$ Too many argument
$ Too many argument
$ hello
hello
$ $ world
$ $ /v/students/wassere1/ex1_tester/test123124
$ $ /v/students/wassere1/ex1_tester
$ world
$ $ /v/students/wassere1/ex1_tester/test123124
$ too      much for test?
$ exec failed
$ 